--------------------------------------------------------------------------------
Release 14.1 Trace  (lin)
Copyright (c) 1995-2012 Xilinx, Inc.  All rights reserved.

/media/soft/Xilinx/14.1/ISE_DS/ISE/bin/lin/unwrapped/trce -intstyle ise -v 3 -s
5 -n 3 -fastpaths -xml ALU16.twx ALU16.ncd -o ALU16.twr ALU16.pcf

Design file:              ALU16.ncd
Physical constraint file: ALU16.pcf
Device,package,speed:     xc3s400,pq208,-5 (PRODUCTION 1.39 2012-04-23)
Report level:             verbose report

Environment Variable      Effect 
--------------------      ------ 
NONE                      No environment variables were set
--------------------------------------------------------------------------------

INFO:Timing:2698 - No timing constraints found, doing default enumeration.
INFO:Timing:3412 - To improve timing, see the Timing Closure User Guide (UG612).
INFO:Timing:2752 - To get complete path coverage, use the unconstrained paths 
   option. All paths that are not constrained will be reported in the 
   unconstrained paths section(s) of the report.
INFO:Timing:3339 - The clock-to-out numbers in this timing report are based on 
   a 50 Ohm transmission line loading model.  For the details of this model, 
   and for more information on accounting for different loading conditions, 
   please see the device datasheet.
INFO:Timing:3390 - This architecture does not support a default System Jitter 
   value, please add SYSTEM_JITTER constraint to the UCF to modify the Clock 
   Uncertainty calculation.
INFO:Timing:3389 - This architecture does not support 'Discrete Jitter' and 
   'Phase Error' calculations, these terms will be zero in the Clock 
   Uncertainty calculation.  Please make appropriate modification to 
   SYSTEM_JITTER to account for the unsupported Discrete Jitter and Phase 
   Error.



Data Sheet report:
-----------------
All values displayed in nanoseconds (ns)

Pad to Pad
---------------+---------------+---------+
Source Pad     |Destination Pad|  Delay  |
---------------+---------------+---------+
A<0>           |AEBo           |   16.945|
A<0>           |CN16b          |   12.134|
A<0>           |F<0>           |   10.681|
A<0>           |F<1>           |   11.495|
A<0>           |F<2>           |   11.625|
A<0>           |F<3>           |   12.097|
A<0>           |F<4>           |   12.492|
A<0>           |F<5>           |   14.293|
A<0>           |F<6>           |   12.650|
A<0>           |F<7>           |   13.557|
A<0>           |F<8>           |   14.603|
A<0>           |F<9>           |   14.948|
A<0>           |F<10>          |   16.042|
A<0>           |F<11>          |   16.161|
A<0>           |F<12>          |   12.072|
A<0>           |F<13>          |   13.653|
A<0>           |F<14>          |   16.016|
A<0>           |F<15>          |   14.444|
A<0>           |GBo            |   10.722|
A<0>           |PBo            |    9.642|
A<1>           |AEBo           |   17.780|
A<1>           |CN16b          |   12.969|
A<1>           |F<1>           |   11.608|
A<1>           |F<2>           |   11.671|
A<1>           |F<3>           |   12.104|
A<1>           |F<4>           |   13.327|
A<1>           |F<5>           |   15.128|
A<1>           |F<6>           |   13.485|
A<1>           |F<7>           |   14.392|
A<1>           |F<8>           |   15.438|
A<1>           |F<9>           |   15.783|
A<1>           |F<10>          |   16.877|
A<1>           |F<11>          |   16.996|
A<1>           |F<12>          |   12.907|
A<1>           |F<13>          |   14.488|
A<1>           |F<14>          |   16.851|
A<1>           |F<15>          |   15.279|
A<1>           |GBo            |   11.557|
A<1>           |PBo            |    9.498|
A<2>           |AEBo           |   18.854|
A<2>           |CN16b          |   14.043|
A<2>           |F<2>           |   12.252|
A<2>           |F<3>           |   12.597|
A<2>           |F<4>           |   14.401|
A<2>           |F<5>           |   16.202|
A<2>           |F<6>           |   14.559|
A<2>           |F<7>           |   15.466|
A<2>           |F<8>           |   16.512|
A<2>           |F<9>           |   16.857|
A<2>           |F<10>          |   17.951|
A<2>           |F<11>          |   18.070|
A<2>           |F<12>          |   13.981|
A<2>           |F<13>          |   15.562|
A<2>           |F<14>          |   17.925|
A<2>           |F<15>          |   16.353|
A<2>           |GBo            |   12.631|
A<2>           |PBo            |   10.388|
A<3>           |AEBo           |   16.851|
A<3>           |CN16b          |   12.040|
A<3>           |F<3>           |    9.309|
A<3>           |F<4>           |   12.398|
A<3>           |F<5>           |   14.199|
A<3>           |F<6>           |   12.556|
A<3>           |F<7>           |   13.463|
A<3>           |F<8>           |   14.509|
A<3>           |F<9>           |   14.854|
A<3>           |F<10>          |   15.948|
A<3>           |F<11>          |   16.067|
A<3>           |F<12>          |   11.978|
A<3>           |F<13>          |   13.559|
A<3>           |F<14>          |   15.922|
A<3>           |F<15>          |   14.350|
A<3>           |GBo            |   10.628|
A<3>           |PBo            |    9.448|
A<4>           |AEBo           |   17.234|
A<4>           |CN16b          |   12.423|
A<4>           |F<4>           |   12.088|
A<4>           |F<5>           |   13.891|
A<4>           |F<6>           |   11.628|
A<4>           |F<7>           |   12.535|
A<4>           |F<8>           |   14.892|
A<4>           |F<9>           |   15.237|
A<4>           |F<10>          |   16.331|
A<4>           |F<11>          |   16.450|
A<4>           |F<12>          |   12.361|
A<4>           |F<13>          |   13.942|
A<4>           |F<14>          |   16.305|
A<4>           |F<15>          |   14.733|
A<4>           |GBo            |   11.674|
A<4>           |PBo            |   10.843|
A<5>           |AEBo           |   16.840|
A<5>           |CN16b          |   12.029|
A<5>           |F<5>           |   11.400|
A<5>           |F<6>           |    9.869|
A<5>           |F<7>           |   10.776|
A<5>           |F<8>           |   14.498|
A<5>           |F<9>           |   14.843|
A<5>           |F<10>          |   15.937|
A<5>           |F<11>          |   16.056|
A<5>           |F<12>          |   11.967|
A<5>           |F<13>          |   13.548|
A<5>           |F<14>          |   15.911|
A<5>           |F<15>          |   14.339|
A<5>           |GBo            |   10.882|
A<5>           |PBo            |   10.449|
A<6>           |AEBo           |   17.177|
A<6>           |CN16b          |   12.366|
A<6>           |F<6>           |   10.775|
A<6>           |F<7>           |   11.365|
A<6>           |F<8>           |   14.835|
A<6>           |F<9>           |   15.180|
A<6>           |F<10>          |   16.274|
A<6>           |F<11>          |   16.393|
A<6>           |F<12>          |   12.304|
A<6>           |F<13>          |   13.885|
A<6>           |F<14>          |   16.248|
A<6>           |F<15>          |   14.676|
A<6>           |GBo            |   11.763|
A<6>           |PBo            |   10.786|
A<7>           |AEBo           |   16.976|
A<7>           |CN16b          |   12.165|
A<7>           |F<7>           |   10.264|
A<7>           |F<8>           |   14.634|
A<7>           |F<9>           |   14.979|
A<7>           |F<10>          |   16.073|
A<7>           |F<11>          |   16.192|
A<7>           |F<12>          |   12.103|
A<7>           |F<13>          |   13.684|
A<7>           |F<14>          |   16.047|
A<7>           |F<15>          |   14.475|
A<7>           |GBo            |   11.033|
A<7>           |PBo            |   10.585|
A<8>           |AEBo           |   17.179|
A<8>           |CN16b          |   12.368|
A<8>           |F<8>           |   12.508|
A<8>           |F<9>           |   13.738|
A<8>           |F<10>          |   13.751|
A<8>           |F<11>          |   13.870|
A<8>           |F<12>          |   12.306|
A<8>           |F<13>          |   13.887|
A<8>           |F<14>          |   16.250|
A<8>           |F<15>          |   14.678|
A<8>           |GBo            |   11.852|
A<8>           |PBo            |   11.463|
A<9>           |AEBo           |   17.680|
A<9>           |CN16b          |   12.869|
A<9>           |F<9>           |   12.561|
A<9>           |F<10>          |   13.434|
A<9>           |F<11>          |   13.553|
A<9>           |F<12>          |   12.807|
A<9>           |F<13>          |   14.388|
A<9>           |F<14>          |   16.751|
A<9>           |F<15>          |   15.179|
A<9>           |GBo            |   11.989|
A<9>           |PBo            |   10.845|
A<10>          |AEBo           |   15.965|
A<10>          |CN16b          |   11.154|
A<10>          |F<10>          |   11.605|
A<10>          |F<11>          |   12.168|
A<10>          |F<12>          |   11.092|
A<10>          |F<13>          |   12.673|
A<10>          |F<14>          |   15.036|
A<10>          |F<15>          |   13.464|
A<10>          |GBo            |   10.274|
A<10>          |PBo            |    9.769|
A<11>          |AEBo           |   16.629|
A<11>          |CN16b          |   11.818|
A<11>          |F<11>          |   11.662|
A<11>          |F<12>          |   11.756|
A<11>          |F<13>          |   13.337|
A<11>          |F<14>          |   15.700|
A<11>          |F<15>          |   14.128|
A<11>          |GBo            |   11.302|
A<11>          |PBo            |   10.913|
A<12>          |AEBo           |   15.634|
A<12>          |CN16b          |   12.304|
A<12>          |F<12>          |   11.061|
A<12>          |F<13>          |   12.649|
A<12>          |F<14>          |   14.705|
A<12>          |F<15>          |   13.133|
A<12>          |GBo            |   12.993|
A<12>          |PBo            |   13.217|
A<13>          |AEBo           |   14.856|
A<13>          |CN16b          |   12.131|
A<13>          |F<13>          |   11.388|
A<13>          |F<14>          |   13.927|
A<13>          |F<15>          |   12.414|
A<13>          |GBo            |   12.843|
A<13>          |PBo            |   12.034|
A<14>          |AEBo           |   13.567|
A<14>          |CN16b          |   11.061|
A<14>          |F<14>          |   12.638|
A<14>          |F<15>          |   11.243|
A<14>          |GBo            |   11.773|
A<14>          |PBo            |   11.713|
A<15>          |AEBo           |   12.861|
A<15>          |CN16b          |   11.335|
A<15>          |F<15>          |   11.166|
A<15>          |GBo            |   12.047|
A<15>          |PBo            |   12.194|
B<0>           |AEBo           |   16.845|
B<0>           |CN16b          |   12.034|
B<0>           |F<0>           |   10.918|
B<0>           |F<1>           |   11.901|
B<0>           |F<2>           |   12.031|
B<0>           |F<3>           |   12.503|
B<0>           |F<4>           |   12.842|
B<0>           |F<5>           |   14.643|
B<0>           |F<6>           |   13.000|
B<0>           |F<7>           |   13.907|
B<0>           |F<8>           |   14.503|
B<0>           |F<9>           |   14.848|
B<0>           |F<10>          |   15.942|
B<0>           |F<11>          |   16.061|
B<0>           |F<12>          |   11.972|
B<0>           |F<13>          |   13.553|
B<0>           |F<14>          |   15.916|
B<0>           |F<15>          |   14.344|
B<0>           |GBo            |   10.557|
B<0>           |PBo            |   10.163|
B<1>           |AEBo           |   17.051|
B<1>           |CN16b          |   12.240|
B<1>           |F<1>           |   11.348|
B<1>           |F<2>           |   11.602|
B<1>           |F<3>           |   12.074|
B<1>           |F<4>           |   12.598|
B<1>           |F<5>           |   14.399|
B<1>           |F<6>           |   12.756|
B<1>           |F<7>           |   13.663|
B<1>           |F<8>           |   14.709|
B<1>           |F<9>           |   15.054|
B<1>           |F<10>          |   16.148|
B<1>           |F<11>          |   16.267|
B<1>           |F<12>          |   12.178|
B<1>           |F<13>          |   13.759|
B<1>           |F<14>          |   16.122|
B<1>           |F<15>          |   14.550|
B<1>           |GBo            |   10.828|
B<1>           |PBo            |    9.468|
B<2>           |AEBo           |   18.280|
B<2>           |CN16b          |   13.469|
B<2>           |F<2>           |   12.071|
B<2>           |F<3>           |   12.046|
B<2>           |F<4>           |   13.827|
B<2>           |F<5>           |   15.628|
B<2>           |F<6>           |   13.985|
B<2>           |F<7>           |   14.892|
B<2>           |F<8>           |   15.938|
B<2>           |F<9>           |   16.283|
B<2>           |F<10>          |   17.377|
B<2>           |F<11>          |   17.496|
B<2>           |F<12>          |   13.407|
B<2>           |F<13>          |   14.988|
B<2>           |F<14>          |   17.351|
B<2>           |F<15>          |   15.779|
B<2>           |GBo            |   12.057|
B<2>           |PBo            |   10.417|
B<3>           |AEBo           |   18.035|
B<3>           |CN16b          |   13.224|
B<3>           |F<3>           |   10.493|
B<3>           |F<4>           |   13.582|
B<3>           |F<5>           |   15.383|
B<3>           |F<6>           |   13.740|
B<3>           |F<7>           |   14.647|
B<3>           |F<8>           |   15.693|
B<3>           |F<9>           |   16.038|
B<3>           |F<10>          |   17.132|
B<3>           |F<11>          |   17.251|
B<3>           |F<12>          |   13.162|
B<3>           |F<13>          |   14.743|
B<3>           |F<14>          |   17.106|
B<3>           |F<15>          |   15.534|
B<3>           |GBo            |   11.812|
B<3>           |PBo            |   10.632|
B<4>           |AEBo           |   18.077|
B<4>           |CN16b          |   13.266|
B<4>           |F<4>           |   12.931|
B<4>           |F<5>           |   14.734|
B<4>           |F<6>           |   12.471|
B<4>           |F<7>           |   13.378|
B<4>           |F<8>           |   15.735|
B<4>           |F<9>           |   16.080|
B<4>           |F<10>          |   17.174|
B<4>           |F<11>          |   17.293|
B<4>           |F<12>          |   13.204|
B<4>           |F<13>          |   14.785|
B<4>           |F<14>          |   17.148|
B<4>           |F<15>          |   15.576|
B<4>           |GBo            |   12.515|
B<4>           |PBo            |   11.686|
B<5>           |AEBo           |   17.913|
B<5>           |CN16b          |   13.102|
B<5>           |F<5>           |   12.031|
B<5>           |F<6>           |   10.942|
B<5>           |F<7>           |   11.849|
B<5>           |F<8>           |   15.571|
B<5>           |F<9>           |   15.916|
B<5>           |F<10>          |   17.010|
B<5>           |F<11>          |   17.129|
B<5>           |F<12>          |   13.040|
B<5>           |F<13>          |   14.621|
B<5>           |F<14>          |   16.984|
B<5>           |F<15>          |   15.412|
B<5>           |GBo            |   11.955|
B<5>           |PBo            |   11.522|
B<6>           |AEBo           |   17.797|
B<6>           |CN16b          |   12.986|
B<6>           |F<6>           |   11.163|
B<6>           |F<7>           |   11.985|
B<6>           |F<8>           |   15.455|
B<6>           |F<9>           |   15.800|
B<6>           |F<10>          |   16.894|
B<6>           |F<11>          |   17.013|
B<6>           |F<12>          |   12.924|
B<6>           |F<13>          |   14.505|
B<6>           |F<14>          |   16.868|
B<6>           |F<15>          |   15.296|
B<6>           |GBo            |   12.383|
B<6>           |PBo            |   11.406|
B<7>           |AEBo           |   16.390|
B<7>           |CN16b          |   11.579|
B<7>           |F<7>           |    9.626|
B<7>           |F<8>           |   14.048|
B<7>           |F<9>           |   14.393|
B<7>           |F<10>          |   15.487|
B<7>           |F<11>          |   15.606|
B<7>           |F<12>          |   11.517|
B<7>           |F<13>          |   13.098|
B<7>           |F<14>          |   15.461|
B<7>           |F<15>          |   13.889|
B<7>           |GBo            |   10.432|
B<7>           |PBo            |    9.999|
B<8>           |AEBo           |   17.321|
B<8>           |CN16b          |   12.510|
B<8>           |F<8>           |   12.338|
B<8>           |F<9>           |   14.033|
B<8>           |F<10>          |   13.969|
B<8>           |F<11>          |   14.088|
B<8>           |F<12>          |   12.448|
B<8>           |F<13>          |   14.029|
B<8>           |F<14>          |   16.392|
B<8>           |F<15>          |   14.820|
B<8>           |GBo            |   11.630|
B<8>           |PBo            |   11.063|
B<9>           |AEBo           |   17.286|
B<9>           |CN16b          |   12.475|
B<9>           |F<9>           |   12.180|
B<9>           |F<10>          |   14.044|
B<9>           |F<11>          |   14.163|
B<9>           |F<12>          |   12.413|
B<9>           |F<13>          |   13.994|
B<9>           |F<14>          |   16.357|
B<9>           |F<15>          |   14.785|
B<9>           |GBo            |   11.844|
B<9>           |PBo            |   11.455|
B<10>          |AEBo           |   15.931|
B<10>          |CN16b          |   11.120|
B<10>          |F<10>          |   11.506|
B<10>          |F<11>          |   11.930|
B<10>          |F<12>          |   11.058|
B<10>          |F<13>          |   12.639|
B<10>          |F<14>          |   15.002|
B<10>          |F<15>          |   13.430|
B<10>          |GBo            |   10.240|
B<10>          |PBo            |    9.802|
B<11>          |AEBo           |   17.214|
B<11>          |CN16b          |   12.403|
B<11>          |F<11>          |   12.247|
B<11>          |F<12>          |   12.341|
B<11>          |F<13>          |   13.922|
B<11>          |F<14>          |   16.285|
B<11>          |F<15>          |   14.713|
B<11>          |GBo            |   11.887|
B<11>          |PBo            |   11.498|
B<12>          |AEBo           |   15.280|
B<12>          |CN16b          |   11.950|
B<12>          |F<12>          |   10.516|
B<12>          |F<13>          |   12.104|
B<12>          |F<14>          |   14.351|
B<12>          |F<15>          |   12.779|
B<12>          |GBo            |   12.639|
B<12>          |PBo            |   12.863|
B<13>          |AEBo           |   14.636|
B<13>          |CN16b          |   11.974|
B<13>          |F<13>          |   11.231|
B<13>          |F<14>          |   13.707|
B<13>          |F<15>          |   12.257|
B<13>          |GBo            |   12.686|
B<13>          |PBo            |   11.814|
B<14>          |AEBo           |   13.468|
B<14>          |CN16b          |   10.468|
B<14>          |F<14>          |   12.539|
B<14>          |F<15>          |   11.274|
B<14>          |GBo            |   11.180|
B<14>          |PBo            |   11.054|
B<15>          |AEBo           |   11.988|
B<15>          |CN16b          |   10.462|
B<15>          |F<15>          |   10.293|
B<15>          |GBo            |   11.174|
B<15>          |PBo            |   11.321|
CNb            |AEBo           |   15.258|
CNb            |CN16b          |   10.122|
CNb            |F<0>           |   11.032|
CNb            |F<1>           |   10.521|
CNb            |F<2>           |   10.651|
CNb            |F<3>           |   11.123|
CNb            |F<4>           |   10.256|
CNb            |F<5>           |   12.057|
CNb            |F<6>           |   10.414|
CNb            |F<7>           |   11.321|
CNb            |F<8>           |   12.591|
CNb            |F<9>           |   12.936|
CNb            |F<10>          |   14.030|
CNb            |F<11>          |   14.149|
CNb            |F<12>          |   10.060|
CNb            |F<13>          |   11.641|
CNb            |F<14>          |   14.004|
CNb            |F<15>          |   12.432|
M              |AEBo           |   14.746|
M              |F<0>           |   11.848|
M              |F<1>           |   11.844|
M              |F<2>           |   11.307|
M              |F<3>           |   10.479|
M              |F<4>           |   10.489|
M              |F<5>           |   11.802|
M              |F<6>           |   11.384|
M              |F<7>           |   10.240|
M              |F<8>           |   12.244|
M              |F<9>           |   11.619|
M              |F<10>          |   12.259|
M              |F<11>          |   11.306|
M              |F<12>          |    8.908|
M              |F<13>          |    9.887|
M              |F<14>          |   12.442|
M              |F<15>          |    9.890|
S<0>           |AEBo           |   19.974|
S<0>           |CN16b          |   15.163|
S<0>           |F<0>           |   12.414|
S<0>           |F<1>           |   13.228|
S<0>           |F<2>           |   13.372|
S<0>           |F<3>           |   13.830|
S<0>           |F<4>           |   15.521|
S<0>           |F<5>           |   17.322|
S<0>           |F<6>           |   15.679|
S<0>           |F<7>           |   16.586|
S<0>           |F<8>           |   17.632|
S<0>           |F<9>           |   17.977|
S<0>           |F<10>          |   19.071|
S<0>           |F<11>          |   19.190|
S<0>           |F<12>          |   15.101|
S<0>           |F<13>          |   16.682|
S<0>           |F<14>          |   19.045|
S<0>           |F<15>          |   17.473|
S<0>           |GBo            |   13.751|
S<1>           |AEBo           |   18.873|
S<1>           |CN16b          |   14.062|
S<1>           |F<0>           |   11.171|
S<1>           |F<1>           |   11.985|
S<1>           |F<2>           |   12.271|
S<1>           |F<3>           |   12.616|
S<1>           |F<4>           |   14.420|
S<1>           |F<5>           |   16.221|
S<1>           |F<6>           |   14.578|
S<1>           |F<7>           |   15.485|
S<1>           |F<8>           |   16.531|
S<1>           |F<9>           |   16.876|
S<1>           |F<10>          |   17.970|
S<1>           |F<11>          |   18.089|
S<1>           |F<12>          |   14.000|
S<1>           |F<13>          |   15.581|
S<1>           |F<14>          |   17.944|
S<1>           |F<15>          |   16.372|
S<1>           |GBo            |   12.805|
S<2>           |AEBo           |   19.614|
S<2>           |CN16b          |   14.803|
S<2>           |F<0>           |   12.837|
S<2>           |F<1>           |   13.820|
S<2>           |F<2>           |   13.950|
S<2>           |F<3>           |   14.422|
S<2>           |F<4>           |   15.161|
S<2>           |F<5>           |   16.962|
S<2>           |F<6>           |   15.319|
S<2>           |F<7>           |   16.226|
S<2>           |F<8>           |   17.272|
S<2>           |F<9>           |   17.617|
S<2>           |F<10>          |   18.711|
S<2>           |F<11>          |   18.830|
S<2>           |F<12>          |   14.741|
S<2>           |F<13>          |   16.322|
S<2>           |F<14>          |   18.685|
S<2>           |F<15>          |   17.113|
S<2>           |GBo            |   13.391|
S<2>           |PBo            |   12.959|
S<3>           |AEBo           |   20.572|
S<3>           |CN16b          |   15.761|
S<3>           |F<0>           |   13.504|
S<3>           |F<1>           |   14.487|
S<3>           |F<2>           |   14.626|
S<3>           |F<3>           |   15.098|
S<3>           |F<4>           |   15.920|
S<3>           |F<5>           |   17.721|
S<3>           |F<6>           |   16.078|
S<3>           |F<7>           |   16.985|
S<3>           |F<8>           |   18.230|
S<3>           |F<9>           |   18.575|
S<3>           |F<10>          |   19.669|
S<3>           |F<11>          |   19.788|
S<3>           |F<12>          |   15.699|
S<3>           |F<13>          |   17.280|
S<3>           |F<14>          |   19.643|
S<3>           |F<15>          |   18.071|
S<3>           |GBo            |   14.614|
S<3>           |PBo            |   14.555|
---------------+---------------+---------+


Analysis completed Sun May 13 22:19:59 2012 
--------------------------------------------------------------------------------

Trace Settings:
-------------------------
Trace Settings 

Peak Memory Usage: 89 MB



