MO TopLevel74181 NULL ../../../../../../../mnt/hgfs/Dropbox/ReDEnergy/CN/Tema2/74181.v vlg7C/_top_level74181.bin 1336936766
MO TopLevel74182 NULL ../../../../../../../mnt/hgfs/Dropbox/ReDEnergy/CN/Tema2/74182.v vlg7D/_top_level74182.bin 1336936766
MO ALU16 NULL ../../../../../../../mnt/hgfs/Dropbox/ReDEnergy/CN/Tema2/ALU16.v vlg45/_a_l_u16.bin 1336936766
MO Circuit74181 NULL ../../../../../../../mnt/hgfs/Dropbox/ReDEnergy/CN/Tema2/74181.v vlg78/_circuit74181.bin 1336936766
MO Circuit74182 NULL ../../../../../../../mnt/hgfs/Dropbox/ReDEnergy/CN/Tema2/74182.v vlg79/_circuit74182.bin 1336936766
MO CLAmodule NULL ../../../../../../../mnt/hgfs/Dropbox/ReDEnergy/CN/Tema2/74181.v vlg5A/_c_l_amodule.bin 1336936766
MO Emodule NULL ../../../../../../../mnt/hgfs/Dropbox/ReDEnergy/CN/Tema2/74181.v vlg3F/_emodule.bin 1336936766
MO Dmodule NULL ../../../../../../../mnt/hgfs/Dropbox/ReDEnergy/CN/Tema2/74181.v vlg36/_dmodule.bin 1336936766
MO Summodule NULL ../../../../../../../mnt/hgfs/Dropbox/ReDEnergy/CN/Tema2/74181.v vlg2B/_summodule.bin 1336936766
